\xC3\x90\xC2\x90 -> \xD0\x90 # А
\xC3\x90\xC2\x91 -> \xD0\x91 # Б
\xC3\x90\xC2\x92 -> \xD0\x92 # В
\xC3\x90\xC2\x93 -> \xD0\x93 # Г
\xC3\x90\xC2\x94 -> \xD0\x94 # Д
\xC3\x90\xC2\x95 -> \xD0\x95 # Е
\xC3\x90\xC2\x95 -> \xD0\x81 # Ё
\xC3\x90\xC2\x96 -> \xD0\x96 # Ж
\xC3\x90\xC2\x97 -> \xD0\x97 # З
\xC3\x90\xC2\x98 -> \xD0\x98 # И
\xC3\x90\xC2\x99 -> \xD0\x99 # Й
\xC3\x90\xC2\x9A -> \xD0\x9A # К
\xC3\x90\xC2\x9B -> \xD0\x9B # Л
\xC3\x90\xC2\x9C -> \xD0\x9C # М
\xC3\x90\xC2\x9D -> \xD0\x9D # Н
\xC3\x90\xC2\x9E -> \xD0\x9E # О
\xC3\x93\xC2\xA8 -> \xD3\xA8 # Ө
\xC3\x90\xC2\x9F -> \xD0\x9F # П
\xC3\x90\xC2\xA0 -> \xD0\xA0 # Р
\xC3\x90\xC2\xA1 -> \xD0\xA1 # С
\xC3\x90\xC2\xA2 -> \xD0\xA2 # Т
\xC3\x90\xC2\xA3 -> \xD0\xA3 # У
\xC3\x92\xC2\xAE -> \xD2\xAE # Ү
\xC3\x90\xC2\xA4 -> \xD0\xA4 # Ф
\xC3\x90\xC2\xA5 -> \xD0\xA5 # Х
\xC3\x90\xC2\xA6 -> \xD0\xA6 # Ц
\xC3\x90\xC2\xA7 -> \xD0\xA7 # Ч
\xC3\x90\xC2\xA8 -> \xD0\xA8 # Ш
\xC3\x90\xC2\xA9 -> \xD0\xA9 # Щ
\xC3\x90\xC2\xAA -> \xD0\xAA # Ъ
\xC3\x90\xC2\xAB -> \xD0\xAC # Ь
\xC3\x90\xC2\xAC -> \xD0\xAB # Ы
\xC3\x90\xC2\xAD -> \xD0\xAD # Э
\xC3\x90\xC2\xAE -> \xD0\xAE # Ю
\xC3\x90\xC2\xAF -> \xD0\xAF # Я
\xC3\x90\xC2\xB0 -> \xD0\xB0 # а
\xC3\x90\xC2\xB1 -> \xD0\xB1 # б
\xC3\x90\xC2\xB2 -> \xD0\xB2 # в
\xC3\x90\xC2\xB3 -> \xD0\xB3 # г
\xC3\x90\xC2\xB4 -> \xD0\xB4 # д
\xC3\x90\xC2\xB5 -> \xD0\xB5 # е
\xC3\x91\xC2\x91 -> \xD1\x91 # ё
\xC3\x90\xC2\xB6 -> \xD0\xB6 # ж
\xC3\x90\xC2\xB7 -> \xD0\xB7 # з
\xC3\x90\xC2\xB8 -> \xD0\xB8 # и
\xC3\x90\xC2\xB9 -> \xD0\xB9 # й
\xC3\x90\xC2\xBA -> \xD0\xBA # к
\xC3\x90\xC2\xBB -> \xD0\xBB # л
\xC3\x90\xC2\xBC -> \xD0\xBC # м
\xC3\x90\xC2\xBD -> \xD0\xBD # н
\xC3\x90\xC2\xBE -> \xD0\xBE # о
\xC3\x93\xC2\xA9 -> \xD3\xA9 # ө
\xC3\x90\xC2\xBF -> \xD0\xBF # п
\xC3\x91\xC2\x80 -> \xD1\x80 # р
\xC3\x91\xC2\x81 -> \xD1\x81 # с
\xC3\x91\xC2\x82 -> \xD1\x82 # т
\xC3\x91\xC2\x83 -> \xD1\x83 # у
\xC3\x92\xC2\xAF -> \xD2\xAF # ү
\xC3\x91\xC2\x84 -> \xD1\x84 # ф
\xC3\x91\xC2\x85 -> \xD1\x85 # х
\xC3\x91\xC2\x86 -> \xD1\x86 # ц
\xC3\x91\xC2\x87 -> \xD1\x87 # ч
\xC3\x91\xC2\x88 -> \xD1\x88 # ш
\xC3\x91\xC2\x89 -> \xD1\x89 # щ
\xC3\x91\xC2\x8A -> \xD1\x8A # ъ
\xC3\x91\xC2\x8C -> \xD1\x8C # ь
\xC3\x91\xC2\x8B -> \xD1\x8B # ы
\xC3\x91\xC2\x8D -> \xD1\x8D # э
\xC3\x91\xC2\x8E -> \xD1\x8E # ю
\xC3\x91\xC2\x8F -> \xD1\x8F # я
