'\xc3\x90\xc2\x90':'А'
'\xc3\x90\xc2\x91':'Б'
'\xc3\x90\xc2\x92':'В'
'\xc3\x90\xc2\x93':'Г'
'\xc3\x90\xc2\x94':'Д'
'\xc3\x90\xc2\x95':'Е'
'\xc3\x90\xc2\x95':'Ё'
'\xc3\x90\xc2\x96':'Ж'
'\xc3\x90\xc2\x97':'З'
'\xc3\x90\xc2\x98':'И'
'\xc3\x90\xc2\x99':'Й'
'\xc3\x90\xc2\x9a':'К'
'\xc3\x90\xc2\x9b':'Л'
'\xc3\x90\xc2\x9c':'М'
'\xc3\x90\xc2\x9d':'Н'
'\xc3\x90\xc2\x9e':'О'
'\xc3\x93\xc2\xa8':'Ө'
'\xc3\x90\xc2\x9f':'П'
'\xc3\x90\xc2\xa0':'Р'
'\xc3\x90\xc2\xa1':'С'
'\xc3\x90\xc2\xa2':'Т'
'\xc3\x90\xc2\xa3':'У'
'\xc3\x92\xc2\xae':'Ү'
'\xc3\x90\xc2\xa4':'Ф'
'\xc3\x90\xc2\xa5':'Х'
'\xc3\x90\xc2\xa6':'Ц'
'\xc3\x90\xc2\xa7':'Ч'
'\xc3\x90\xc2\xa8':'Ш'
'\xc3\x90\xc2\xa9':'Щ'
'\xc3\x90\xc2\xaa':'Ъ'
'\xc3\x90\xc2\xab':'Ь'
'\xc3\x90\xc2\xac':'Ы'
'\xc3\x90\xc2\xad':'Э'
'\xc3\x90\xc2\xae':'Ю'
'\xc3\x90\xc2\xaf':'Я'
'\xc3\x90\xc2\xb0':'а'
'\xc3\x90\xc2\xb1':'б'
'\xc3\x90\xc2\xb2':'в'
'\xc3\x90\xc2\xb3':'г'
'\xc3\x90\xc2\xb4':'д'
'\xc3\x90\xc2\xb5':'е'
'\xc3\x91\xc2\x91':'ё'
'\xc3\x90\xc2\xb6':'ж'
'\xc3\x90\xc2\xb7':'з'
'\xc3\x90\xc2\xb8':'и'
'\xc3\x90\xc2\xb9':'й'
'\xc3\x90\xc2\xba':'к'
'\xc3\x90\xc2\xbb':'л'
'\xc3\x90\xc2\xbc':'м'
'\xc3\x90\xc2\xbd':'н'
'\xc3\x90\xc2\xbe':'о'
'\xc3\x93\xc2\xa9':'ө'
'\xc3\x90\xc2\xbf':'п'
'\xc3\x91\xc2\x80':'р'
'\xc3\x91\xc2\x81':'с'
'\xc3\x91\xc2\x82':'т'
'\xc3\x91\xc2\x83':'у'
'\xc3\x92\xc2\xaf':'ү'
'\xc3\x91\xc2\x84':'ф'
'\xc3\x91\xc2\x85':'х'
'\xc3\x91\xc2\x86':'ц'
'\xc3\x91\xc2\x87':'ч'
'\xc3\x91\xc2\x88':'ш'
'\xc3\x91\xc2\x89':'щ'
'\xc3\x91\xc2\x8a':'ъ'
'\xc3\x91\xc2\x8c':'ь'
'\xc3\x91\xc2\x8b':'ы'
'\xc3\x91\xc2\x8d':'э'
'\xc3\x91\xc2\x8e':'ю'
'\xc3\x91\xc2\x8f':'я'
